// Jest Snapshot v1, https://goo.gl/fbAQLP

exports[`TableOfContent should render with no errors 1`] = `
<DocumentFragment>
  .emotion-0 {
  position: fixed;
  top: calc(var(--heading-size) + var(--page-offset));
}

.emotion-1 {
  display: -webkit-box;
  display: -webkit-flex;
  display: -ms-flexbox;
  display: flex;
  height: 100%;
  -webkit-align-items: flex-start;
  -webkit-box-align: flex-start;
  -ms-flex-align: flex-start;
  align-items: flex-start;
  -webkit-flex-direction: column;
  -ms-flex-direction: column;
  flex-direction: column;
  -webkit-box-pack: start;
  -ms-flex-pack: start;
  -webkit-justify-content: flex-start;
  justify-content: flex-start;
}

.emotion-2 {
  display: inline-block;
  color: #5a6a79;
  border-style: solid;
  border-color: #dee2e5;
  border-width: 2px;
  -webkit-text-decoration: none;
  text-decoration: none;
  color: #09111c;
  border-style: solid;
  border-color: #3358cc;
  border-width: 2px;
  -webkit-text-decoration: none;
  text-decoration: none;
  border-width: 0;
  border-left-width: 2px;
  min-height: 32px;
  padding: 12px 16px;
}

@media screen and (prefers-reduced-motion: no-preference) {
  .emotion-2 {
    transition-property: color,fill;
    transition-duration: 200ms,200ms;
    transition-timing-function: cubic-bezier(0, 0, .5, 1),cubic-bezier(0, 0, .5, 1);
  }
}

@media screen and (prefers-reduced-motion: reduce) {
  .emotion-2 {
    transition-property: color,fill;
    transition-duration: 0ms;
    transition-timing-function: cubic-bezier(0, 0, .5, 1),cubic-bezier(0, 0, .5, 1);
  }
}

.emotion-2:hover:not(:disabled) {
  color: #2e3f54;
}

.emotion-2:active:not(:disabled) {
  color: #2e3f54;
}

.emotion-3 {
  display: -webkit-box;
  display: -webkit-flex;
  display: -ms-flexbox;
  display: flex;
  height: 100%;
  -webkit-align-items: center;
  -webkit-box-align: center;
  -ms-flex-align: center;
  align-items: center;
  -webkit-flex-direction: row;
  -ms-flex-direction: row;
  flex-direction: row;
  -webkit-box-pack: start;
  -ms-flex-pack: start;
  -webkit-justify-content: flex-start;
  justify-content: flex-start;
}

.emotion-4 {
  margin: 0;
  font-family: Poppins;
  font-size: 0.75rem;
  line-height: 1.5;
  font-weight: 600;
  letter-spacing: 0em;
  display: block;
}

.emotion-5 {
  display: inline-block;
  color: #5a6a79;
  border-style: solid;
  border-color: #dee2e5;
  border-width: 2px;
  -webkit-text-decoration: none;
  text-decoration: none;
  border-width: 0;
  border-left-width: 2px;
  min-height: 32px;
  padding: 12px 16px;
}

@media screen and (prefers-reduced-motion: no-preference) {
  .emotion-5 {
    transition-property: color,fill;
    transition-duration: 200ms,200ms;
    transition-timing-function: cubic-bezier(0, 0, .5, 1),cubic-bezier(0, 0, .5, 1);
  }
}

@media screen and (prefers-reduced-motion: reduce) {
  .emotion-5 {
    transition-property: color,fill;
    transition-duration: 0ms;
    transition-timing-function: cubic-bezier(0, 0, .5, 1),cubic-bezier(0, 0, .5, 1);
  }
}

.emotion-5:hover:not(:disabled) {
  color: #2e3f54;
}

.emotion-5:active:not(:disabled) {
  color: #2e3f54;
}

<div
    class="emotion-0"
    id="toc-navigation"
  >
    <div
      class="emotion-1"
    >
      <a
        class="emotion-2"
        data-selected="true"
        href="#Introduction"
      >
        <span
          class="emotion-3"
        >
          <span
            class="emotion-4"
          >
            Introduction
          </span>
        </span>
      </a>
      <a
        class="emotion-5"
        data-selected="false"
        href="#Overview"
      >
        <span
          class="emotion-3"
        >
          <span
            class="emotion-4"
          >
            Overview
          </span>
        </span>
      </a>
      <a
        class="emotion-5"
        data-selected="false"
        href="#SEO"
      >
        <span
          class="emotion-3"
        >
          <span
            class="emotion-4"
          >
            SEO
          </span>
        </span>
      </a>
      <a
        class="emotion-5"
        data-selected="false"
        href="#Accessibility"
      >
        <span
          class="emotion-3"
        >
          <span
            class="emotion-4"
          >
            Accessibility
          </span>
        </span>
      </a>
    </div>
  </div>
</DocumentFragment>
`;
