// Jest Snapshot v1, https://goo.gl/fbAQLP

exports[`BaseFlag renders with default styles 1`] = `
<DocumentFragment>
  .emotion-1 {
  box-sizing: border-box;
  display: inline-block;
  vertical-align: middle;
  font-family: "Helvetica Neue",Helvetica,Arial,sans-serif;
  font-size: 14px;
  line-height: 1.4285714285714286;
  font-weight: 400;
  -webkit-letter-spacing: 0;
  -moz-letter-spacing: 0;
  -ms-letter-spacing: 0;
  letter-spacing: 0;
  -webkit-text-decoration: none;
  text-decoration: none;
  overflow: hidden;
  text-overflow: ellipsis;
  white-space: nowrap;
}

.emotion-0 {
  display: -webkit-box;
  display: -webkit-flex;
  display: -ms-flexbox;
  display: flex;
  height: 100%;
  -webkit-align-items: center;
  -webkit-box-align: center;
  -ms-flex-align: center;
  align-items: center;
  -webkit-flex-wrap: nowrap;
  -ms-flex-wrap: nowrap;
  flex-wrap: nowrap;
  -webkit-flex-direction: row;
  -ms-flex-direction: row;
  flex-direction: row;
  -webkit-box-pack: start;
  -webkit-justify-content: flex-start;
  -ms-flex-pack: start;
  justify-content: flex-start;
  margin-left: calc(-4px/2);
  margin-right: calc(-4px/2);
}

<span
    class="emotion-1"
  >
    <div
      class="emotion-0"
      wrap="nowrap"
    />
  </span>
</DocumentFragment>
`;
